[www.kickresume.com/cv/shivamtiwari93/index.html]
[backblue.gif]
[fade.gif]
[index.html]
[d1civoyjepycei.cloudfront.net/static/img/favicon/apple-icon-57x57.68c9b9fc16a5.png]
[d1civoyjepycei.cloudfront.net/static/img/favicon/apple-icon-60x60.6882fca43706.png]
[d1civoyjepycei.cloudfront.net/static/img/favicon/apple-icon-72x72.488cb6b05da8.png]
[d1civoyjepycei.cloudfront.net/static/img/favicon/apple-icon-76x76.63c3c834c810.png]
[d1civoyjepycei.cloudfront.net/static/img/favicon/apple-icon-114x114.20fa52c3ac8c.png]
[d1civoyjepycei.cloudfront.net/static/img/favicon/apple-icon-120x120.b4d5d3110a3d.png]
[d1civoyjepycei.cloudfront.net/static/img/favicon/apple-icon-144x144.f8499cb96f96.png]
[d1civoyjepycei.cloudfront.net/static/img/favicon/apple-icon-152x152.53e239bf400c.png]
[d1civoyjepycei.cloudfront.net/static/img/favicon/apple-icon-180x180.16c15886523c.png]
[d1civoyjepycei.cloudfront.net/static/img/favicon/android-icon-192x192.54e58a5d175d.png]
[d1civoyjepycei.cloudfront.net/static/img/favicon/favicon-32x32.364133c93271.png]
[d1civoyjepycei.cloudfront.net/static/img/favicon/favicon-96x96.b719f0fbb1c1.png]
[d1civoyjepycei.cloudfront.net/static/img/favicon/favicon-16x16.efb126f168d4.png]
[d1civoyjepycei.cloudfront.net/static/img/favicon/ms-icon-144x144.2caa514bd78a.png]
[s3-eu-west-1.amazonaws.com/cvs-kickresume-com/1863809/8f3db2f1b6f47196abe279e73d7eef01/thumbnail.jpg]
[d2sn08my3g92cp.cloudfront.net/ionicons.css]
[d2sn08my3g92cp.cloudfront.net/fontastic.css]
[cdn.polyfill.io/v2/polyfill.minba12.js]
[d1civoyjepycei.cloudfront.net/static/js/sentry.conf.44f0dfdb0ed9.js]
[cdn.ravenjs.com/3.26.4/raven.min.js]
[d1civoyjepycei.cloudfront.net/static/assets/dependencies.dll.c336628ffa1f.js]
[www.kickresume.com/cv/shivamtiwari93/index.html]
[d1civoyjepycei.cloudfront.net/static/assets/kickresume.d0f9b9901f41.js]
[d1civoyjepycei.cloudfront.net/static/assets/common.d941764c8148.js]
[d2sn08my3g92cp.cloudfront.net/fonts/ionicons790f.ttf]
[d2sn08my3g92cp.cloudfront.net/fonts/ionicons790f.woff]
[d2sn08my3g92cp.cloudfront.net/fonts/ionicons790f.eot]
[d2sn08my3g92cp.cloudfront.net/ionicons.css]
[d2sn08my3g92cp.cloudfront.net/fonts/ionicons790f.svg]
[d2sn08my3g92cp.cloudfront.net/fonts/fontastic/1458844288.eot]
[d2sn08my3g92cp.cloudfront.net/fonts/fontastic/1458844288d41d.eot]
[d2sn08my3g92cp.cloudfront.net/fonts/fontastic/1458844288.woff]
[d2sn08my3g92cp.cloudfront.net/fonts/fontastic/1458844288.ttf]
[d2sn08my3g92cp.cloudfront.net/fontastic.css]
[d2sn08my3g92cp.cloudfront.net/fonts/fontastic/1458844288.svg]
[d2sn08my3g92cp.cloudfront.net/fonts/ionicons790f.svg]
[d2sn08my3g92cp.cloudfront.net/fonts/fontastic/1458844288.svg]
